<html>
<body>
<pre>
<h1>µVision Build Log</h1>
<h2>Tool Versions:</h2>
IDE-Version: µVision V5.31.0.0
Copyright (C) 2020 ARM Ltd and ARM Germany GmbH. All rights reserved.
License Information: tung duong, ptit, LIC=JL28G-V5JJQ-BS9YX-H8IWL-JLC29-JWCGA
 
Tool Versions:
Toolchain:       MDK-ARM Plus  Version: 5.31.0.0
Toolchain Path:  C:\Keil_v5\ARM\ARMCLANG\Bin
C Compiler:      ArmClang.exe V6.14
Assembler:       Armasm.exe V6.14
Linker/Locator:  ArmLink.exe V6.14
Library Manager: ArmAr.exe V6.14
Hex Converter:   FromElf.exe V6.14
CPU DLL:         SARMCM3.DLL V5.31.0.0
Dialog DLL:      DCM.DLL V1.17.3.0
Target DLL:      STLink\ST-LINKIII-KEIL_SWO.dll V3.0.7.0
Dialog DLL:      TCM.DLL V1.46.0.0
 
<h2>Project:</h2>
D:\STM32-MANGCAMBIEN\STD\BH1750_UART\MDK\BH1750.uvprojx
Project File Date:  03/05/2026

<h2>Output:</h2>
*** Using Compiler 'V6.14', folder: 'C:\Keil_v5\ARM\ARMCLANG\Bin'
Build target 'BH1750'
../USER/main.c(15): warning: this function declaration is not a prototype [-Wstrict-prototypes]
void config_uart();
                ^
                 void
../USER/main.c(16): warning: this function declaration is not a prototype [-Wstrict-prototypes]
void config_ADC();
               ^
                void
../USER/main.c(1): warning: In file included from...
C:/Users/ADMIN/AppData/Local/Arm/Packs/Keil/STM32F1xx_DFP/2.4.1/Device/Include\stm32f10x.h(8347): warning: In file included from...
./RTE/Device/STM32F103C8\stm32f10x_conf.h(90): warning: In file included from...
C:/Users/ADMIN/AppData/Local/Arm/Packs/Keil/STM32F1xx_DFP/2.4.1/Device/StdPeriph_Driver/inc\stm32f10x_usart.h(49): warning: padding size of 'USART_InitTypeDef' with 2 bytes to alignment boundary [-Wpadded]
typedef struct
        ^
../USER/main.c(29): warning: no previous prototype for function 'config_uart' [-Wmissing-prototypes]
void config_uart(){
     ^
../USER/main.c(15): note: this declaration is not a prototype; add 'void' to make it a prototype for a zero-parameter function
void config_uart();
     ^
                 void
../USER/main.c(58): warning: no previous prototype for function 'USART1_SendChar' [-Wmissing-prototypes]
void USART1_SendChar(char c) {
     ^
../USER/main.c(58): note: declare 'static' if the function is not intended to be used outside of this translation unit
void USART1_SendChar(char c) {
^
static 
../USER/main.c(63): warning: no previous prototype for function 'USART1_SendString' [-Wmissing-prototypes]
void USART1_SendString(char *s) {
     ^
../USER/main.c(63): note: declare 'static' if the function is not intended to be used outside of this translation unit
void USART1_SendString(char *s) {
^
static 
../USER/main.c(1): warning: In file included from...
C:/Users/ADMIN/AppData/Local/Arm/Packs/Keil/STM32F1xx_DFP/2.4.1/Device/Include\stm32f10x.h(8347): warning: In file included from...
./RTE/Device/STM32F103C8\stm32f10x_conf.h(66): warning: In file included from...
C:/Users/ADMIN/AppData/Local/Arm/Packs/Keil/STM32F1xx_DFP/2.4.1/Device/StdPeriph_Driver/inc\stm32f10x_i2c.h(49): warning: padding size of 'I2C_InitTypeDef' with 2 bytes to alignment boundary [-Wpadded]
typedef struct
        ^
../USER/main.c(70): warning: no previous prototype for function 'Config_I2C' [-Wmissing-prototypes]
void Config_I2C(){
     ^
../USER/main.c(70): note: declare 'static' if the function is not intended to be used outside of this translation unit
void Config_I2C(){
^
static 
../USER/main.c(94): warning: no previous prototype for function 'I2C_WriteByte' [-Wmissing-prototypes]
void I2C_WriteByte(uint8_t address, uint8_t data){
     ^
../USER/main.c(94): note: declare 'static' if the function is not intended to be used outside of this translation unit
void I2C_WriteByte(uint8_t address, uint8_t data){
^
static 
../USER/main.c(109): warning: no previous prototype for function 'BH1750_Init' [-Wmissing-prototypes]
void BH1750_Init(void) {
     ^
../USER/main.c(109): note: declare 'static' if the function is not intended to be used outside of this translation unit
void BH1750_Init(void) {
^
static 
../USER/main.c(139): warning: implicit conversion turns floating-point number into integer: 'double' to 'uint16_t' (aka 'unsigned short') [-Wfloat-conversion]
    value = ((msb << 8) | lsb) / 1.2; // chuyen ve Lux (Do roi)
          ~ ~~~~~~~~~~~~~~~~~~~^~~~~
../USER/main.c(118): warning: no previous prototype for function 'BH1750_ReadLight' [-Wmissing-prototypes]
uint16_t BH1750_ReadLight() {
         ^
../USER/main.c(118): note: declare 'static' if the function is not intended to be used outside of this translation unit
uint16_t BH1750_ReadLight() {
^
static 
../USER/main.c(164): warning: no newline at end of file [-Wnewline-eof]
}
 ^
../USER/main.c(144): warning: no previous extern declaration for non-static variable 'rv' [-Wmissing-variable-declarations]
uint16_t rv;
         ^
../USER/main.c(144): note: declare 'static' if the variable is not intended to be used outside of this translation unit
uint16_t rv;
^
../USER/main.c(145): warning: no previous extern declaration for non-static variable 'buffer' [-Wmissing-variable-declarations]
char buffer[40];
     ^
../USER/main.c(145): note: declare 'static' if the variable is not intended to be used outside of this translation unit
char buffer[40];
^
15 warnings generated.
compiling main.c...
linking...
Program Size: Code=3812 RO-data=284 RW-data=0 ZI-data=1680  
FromELF: creating hex file...
".\Objects\BH1750.axf" - 0 Error(s), 15 Warning(s).

<h2>Software Packages used:</h2>

Package Vendor: ARM
                http://www.keil.com/pack/ARM.CMSIS.5.7.0.pack
                ARM.CMSIS.5.7.0
                CMSIS (Cortex Microcontroller Software Interface Standard)
   * Component: CORE Version: 5.4.0

Package Vendor: Keil
                https://www.keil.com/pack/Keil.STM32F1xx_DFP.2.4.1.pack
                Keil.STM32F1xx_DFP.2.4.1
                STMicroelectronics STM32F1 Series Device Support, Drivers and Examples
   * Component: Startup Version: 1.0.0
   * Component: Framework Version: 3.6.0
   * Component: GPIO Version: 3.6.0
   * Component: I2C Version: 3.6.0
   * Component: RCC Version: 3.6.0
   * Component: TIM Version: 3.6.0
   * Component: USART Version: 3.6.0

<h2>Collection of Component include folders:</h2>
  .\RTE\Device\STM32F103C8
  .\RTE\_BH1750
  C:\Users\ADMIN\AppData\Local\Arm\Packs\ARM\CMSIS\5.7.0\CMSIS\Core\Include
  C:\Users\ADMIN\AppData\Local\Arm\Packs\Keil\STM32F1xx_DFP\2.4.1\Device\Include
  C:\Users\ADMIN\AppData\Local\Arm\Packs\Keil\STM32F1xx_DFP\2.4.1\Device\StdPeriph_Driver\inc

<h2>Collection of Component Files used:</h2>

   * Component: ARM::CMSIS:CORE:5.4.0

   * Component: Keil::Device:Startup:1.0.0
      Include file:  RTE_Driver\Config\RTE_Device.h
      Source file:   Device\Source\ARM\startup_stm32f10x_md.s
      Source file:   Device\Source\system_stm32f10x.c
      Source file:   Device\Source\ARM\STM32F1xx_OPT.s

   * Component: Keil::Device:StdPeriph Drivers:Framework:3.6.0
      Include file:  Device\StdPeriph_Driver\inc\misc.h
      Source file:   Device\StdPeriph_Driver\src\misc.c
      Source file:   Device\StdPeriph_Driver\templates\stm32f10x_it.c
      Include file:  Device\StdPeriph_Driver\templates\stm32f10x_it.h
      Source file:   Device\StdPeriph_Driver\templates\stm32f10x_conf.h

   * Component: Keil::Device:StdPeriph Drivers:GPIO:3.6.0
      Source file:   Device\StdPeriph_Driver\src\stm32f10x_gpio.c
      Include file:  Device\StdPeriph_Driver\inc\stm32f10x_gpio.h

   * Component: Keil::Device:StdPeriph Drivers:I2C:3.6.0
      Source file:   Device\StdPeriph_Driver\src\stm32f10x_i2c.c
      Include file:  Device\StdPeriph_Driver\inc\stm32f10x_i2c.h

   * Component: Keil::Device:StdPeriph Drivers:RCC:3.6.0
      Include file:  Device\StdPeriph_Driver\inc\stm32f10x_rcc.h
      Source file:   Device\StdPeriph_Driver\src\stm32f10x_rcc.c

   * Component: Keil::Device:StdPeriph Drivers:TIM:3.6.0
      Include file:  Device\StdPeriph_Driver\inc\stm32f10x_tim.h
      Source file:   Device\StdPeriph_Driver\src\stm32f10x_tim.c

   * Component: Keil::Device:StdPeriph Drivers:USART:3.6.0
      Include file:  Device\StdPeriph_Driver\inc\stm32f10x_usart.h
      Source file:   Device\StdPeriph_Driver\src\stm32f10x_usart.c
Build Time Elapsed:  00:00:01
</pre>
</body>
</html>
